[2026-07-21T08:28:58.247Z] GET /api/health 200 - 9ms - IP: ::1
[2026-07-21T08:29:03.048Z] GET /api/dashboard/stats 200 - 1ms - IP: ::1
[2026-07-21T08:29:14.348Z] POST /api/auth/register 400 - 9ms - IP: ::1
[2026-07-21T08:58:29.714Z] GET /api/health 200 - 9ms - IP: ::1
[2026-07-21T08:59:10.035Z] GET /api/health 200 - 9ms - IP: ::1
[2026-07-21T09:40:50.170Z] GET / 200 - 1ms - IP: ::ffff:172.19.224.1
[2026-07-21T09:41:07.646Z] GET / 200 - 1ms - IP: ::ffff:172.19.224.1
[2026-07-21T09:41:09.472Z] GET /loginMsg.js 404 - 16ms - IP: ::ffff:172.19.224.1
[2026-07-21T09:41:09.500Z] GET /cgi/get.cgi?cmd=home_login 404 - 6ms - IP: ::ffff:172.19.224.1
[2026-07-21T10:09:36.039Z] GET /api/health 200 - 9ms - IP: ::1
[2026-07-21T10:11:10.727Z] GET /api/health 200 - 9ms - IP: ::1
[2026-07-21T10:19:25.086Z] GET /api/health 200 - 7ms - IP: ::1
[2026-07-21T10:19:25.258Z] GET /favicon.ico 404 - 8ms - IP: ::1
[2026-07-21T10:27:32.834Z] GET /api/auth/register 404 - 2ms - IP: ::1
[2026-07-21T10:30:24.250Z] GET /api/auth/register 404 - 5ms - IP: ::1
[2026-07-21T10:32:24.253Z] GET /api/auth/register 404 - 14ms - IP: ::1
[2026-07-21T10:34:18.447Z] GET /api/auth/register 404 - 15ms - IP: ::1
[2026-07-21T10:37:05.049Z] GET /api/auth/register 404 - 4ms - IP: ::1
[2026-07-21T10:42:02.941Z] POST /api/auth/register 201 - 274ms - IP: ::1
[2026-07-21T10:42:03.017Z] POST /api/auth/register 409 - 62ms - IP: ::1
[2026-07-21T10:42:03.184Z] POST /api/auth/login 200 - 161ms - IP: ::1
[2026-07-21T10:42:03.275Z] GET /api/auth/profile 200 - 86ms - IP: ::1
[2026-07-21T10:42:03.477Z] PUT /api/auth/profile 200 - 199ms - IP: ::1
[2026-07-21T10:42:03.829Z] PUT /api/auth/change-password 200 - 349ms - IP: ::1
[2026-07-21T10:45:23.263Z] OPTIONS /api/auth/register 204 - 8ms - IP: ::1
[2026-07-21T10:45:26.584Z] OPTIONS /api/auth/register 204 - 1ms - IP: ::1
[2026-07-21T10:45:33.624Z] OPTIONS /api/auth/register 204 - 1ms - IP: ::1
[2026-07-21T10:52:50.581Z] POST /api/auth/register 201 - 316ms - IP: ::1
[2026-07-21T10:55:16.877Z] POST /api/auth/register 201 - 2747ms - IP: ::1
[2026-07-21T10:57:51.896Z] OPTIONS /api/auth/register 204 - 7ms - IP: ::1
[2026-07-21T10:57:51.943Z] POST /api/auth/register 400 - 26ms - IP: ::1
[2026-07-21T10:58:30.273Z] OPTIONS /api/auth/register 204 - 1ms - IP: ::1
[2026-07-21T10:58:30.286Z] POST /api/auth/register 400 - 8ms - IP: ::1
[2026-07-21T10:58:35.759Z] OPTIONS /api/auth/register 204 - 1ms - IP: ::1
[2026-07-21T10:58:35.767Z] POST /api/auth/register 400 - 5ms - IP: ::1
[2026-07-21T10:59:03.920Z] OPTIONS /api/auth/register 204 - 1ms - IP: ::1
[2026-07-21T10:59:04.282Z] POST /api/auth/register 201 - 357ms - IP: ::1
[2026-07-21T11:47:54.446Z] OPTIONS /api/auth/profile 204 - 1ms - IP: ::1
[2026-07-21T11:47:54.447Z] OPTIONS /api/auth/profile 204 - 1ms - IP: ::1
[2026-07-21T11:47:54.463Z] GET /api/auth/profile 401 - 15ms - IP: ::1
[2026-07-21T11:47:54.467Z] GET /api/auth/profile 401 - 2ms - IP: ::1
[2026-07-21T11:47:54.468Z] OPTIONS /api/auth/refresh 204 - 0ms - IP: ::1
[2026-07-21T11:47:55.755Z] POST /api/auth/refresh 200 - 1281ms - IP: ::1
[2026-07-21T11:47:55.912Z] GET /api/auth/profile 200 - 153ms - IP: ::1
[2026-07-21T11:47:55.959Z] POST /api/auth/refresh 200 - 1489ms - IP: ::1
[2026-07-21T11:47:56.035Z] GET /api/auth/profile 304 - 59ms - IP: ::1
[2026-07-21T11:47:59.205Z] GET /api/auth/profile 304 - 238ms - IP: ::1
[2026-07-21T11:47:59.396Z] GET /api/auth/profile 304 - 189ms - IP: ::1
[2026-07-21T11:48:11.493Z] OPTIONS /api/auth/profile 204 - 0ms - IP: ::1
[2026-07-21T11:48:11.495Z] OPTIONS /api/auth/profile 204 - 1ms - IP: ::1
[2026-07-21T11:48:11.855Z] GET /api/auth/profile 304 - 357ms - IP: ::1
[2026-07-21T11:48:12.115Z] GET /api/auth/profile 304 - 259ms - IP: ::1
[2026-07-21T11:49:57.892Z] OPTIONS /api/auth/profile 204 - 1ms - IP: ::1
[2026-07-21T11:49:57.895Z] OPTIONS /api/auth/profile 204 - 1ms - IP: ::1
[2026-07-21T11:49:58.013Z] GET /api/auth/profile 304 - 116ms - IP: ::1
[2026-07-21T11:49:58.078Z] GET /api/auth/profile 304 - 62ms - IP: ::1
[2026-07-21T11:51:01.830Z] OPTIONS /api/auth/logout 204 - 1ms - IP: ::1
[2026-07-21T11:51:01.833Z] POST /api/auth/logout 200 - 1ms - IP: ::1
[2026-07-21T11:52:45.728Z] OPTIONS /api/auth/login 204 - 0ms - IP: ::1
[2026-07-21T11:52:45.859Z] POST /api/auth/login 200 - 129ms - IP: ::1
[2026-07-23T03:35:45.881Z] OPTIONS /api/auth/login 204 - 8ms - IP: ::1
[2026-07-23T03:35:55.950Z] POST /api/auth/login 500 - 10043ms - IP: ::1
[2026-07-23T03:39:20.976Z] OPTIONS /api/auth/register 204 - 1ms - IP: ::1
[2026-07-23T03:39:31.000Z] POST /api/auth/register 500 - 10019ms - IP: ::1
[2026-07-23T03:39:45.851Z] OPTIONS /api/auth/register 204 - 1ms - IP: ::1
[2026-07-23T04:20:03.782Z] OPTIONS /api/auth/register 204 - 10ms - IP: ::1
[2026-07-23T04:20:13.861Z] POST /api/auth/register 500 - 10043ms - IP: ::1
[2026-07-23T04:20:18.387Z] OPTIONS /api/auth/register 204 - 1ms - IP: ::1
[2026-07-23T04:20:28.406Z] POST /api/auth/register 500 - 10016ms - IP: ::1
[2026-07-23T04:20:46.513Z] OPTIONS /api/auth/register 204 - 2ms - IP: ::1
[2026-07-23T04:20:56.540Z] POST /api/auth/register 500 - 10017ms - IP: ::1
[2026-07-23T04:21:12.268Z] OPTIONS /api/auth/register 204 - 1ms - IP: ::1
[2026-07-23T04:21:22.282Z] POST /api/auth/register 500 - 10008ms - IP: ::1
[2026-07-23T05:16:10.416Z] GET /api/health 200 - 6ms - IP: ::1
[2026-07-23T05:17:27.463Z] OPTIONS /api/auth/profile 204 - 1ms - IP: ::1
[2026-07-23T05:17:27.467Z] OPTIONS /api/auth/profile 204 - 1ms - IP: ::1
[2026-07-23T05:17:27.491Z] GET /api/auth/profile 401 - 21ms - IP: ::1
[2026-07-23T05:17:27.496Z] GET /api/auth/profile 401 - 4ms - IP: ::1
[2026-07-23T05:17:27.533Z] OPTIONS /api/auth/refresh 204 - 1ms - IP: ::1
[2026-07-23T05:17:27.534Z] OPTIONS /api/auth/refresh 204 - 0ms - IP: ::1
[2026-07-23T05:17:27.655Z] POST /api/auth/refresh 200 - 92ms - IP: ::1
[2026-07-23T05:17:27.658Z] POST /api/auth/refresh 200 - 106ms - IP: ::1
[2026-07-23T05:17:27.723Z] GET /api/auth/profile 304 - 62ms - IP: ::1
[2026-07-23T05:17:27.804Z] GET /api/auth/profile 304 - 80ms - IP: ::1
[2026-07-23T05:17:51.013Z] OPTIONS /api/auth/logout 204 - 1ms - IP: ::1
[2026-07-23T05:17:51.017Z] POST /api/auth/logout 200 - 2ms - IP: ::1
[2026-07-23T05:18:27.687Z] OPTIONS /api/auth/register 204 - 1ms - IP: ::1
[2026-07-23T05:18:27.781Z] POST /api/auth/register 409 - 91ms - IP: ::1
[2026-07-23T05:18:47.894Z] OPTIONS /api/auth/register 204 - 0ms - IP: ::1
[2026-07-23T05:18:48.122Z] POST /api/auth/register 201 - 224ms - IP: ::1
[2026-07-23T05:19:07.748Z] OPTIONS /api/resume/upload 204 - 1ms - IP: ::1
[2026-07-23T05:19:07.961Z] POST /api/resume/upload 201 - 210ms - IP: ::1
[2026-07-23T05:19:11.551Z] OPTIONS /api/resume 204 - 2ms - IP: ::1
[2026-07-23T05:19:11.552Z] OPTIONS /api/resume 204 - 0ms - IP: ::1
[2026-07-23T05:19:11.901Z] GET /api/resume 200 - 348ms - IP: ::1
[2026-07-23T05:19:12.622Z] GET /api/resume 304 - 720ms - IP: ::1
[2026-07-23T05:31:38.172Z] POST /api/auth/login 401 - 1122ms - IP: ::1
[2026-07-23T05:32:05.078Z] POST /api/auth/register 400 - 1ms - IP: ::1
[2026-07-23T05:32:26.470Z] POST /api/auth/register 201 - 210ms - IP: ::1
[2026-07-23T05:32:26.507Z] POST /api/resumes/upload 404 - 2ms - IP: ::1
[2026-07-23T05:33:15.104Z] POST /api/auth/register 201 - 225ms - IP: ::1
[2026-07-23T05:33:15.276Z] POST /api/resumes/upload 201 - 150ms - IP: ::1
[2026-07-23T05:33:15.413Z] POST /api/resumes/upload 201 - 126ms - IP: ::1
[2026-07-23T05:33:15.547Z] POST /api/resumes/upload 201 - 122ms - IP: ::1
[2026-07-23T05:33:15.640Z] POST /api/resumes/upload 400 - 75ms - IP: ::1
[2026-07-23T05:33:15.763Z] POST /api/resumes/upload 400 - 102ms - IP: ::1
[2026-07-23T05:33:15.885Z] GET /api/resumes 200 - 117ms - IP: ::1
[2026-07-23T05:33:16.068Z] GET /api/resumes/6a61a79bc06fa10328648b7e 200 - 175ms - IP: ::1
[2026-07-23T05:33:16.277Z] DELETE /api/resumes/6a61a79bc06fa10328648b7e 200 - 196ms - IP: ::1
[2026-07-23T05:35:07.571Z] OPTIONS /api/auth/profile 204 - 1ms - IP: ::1
[2026-07-23T05:35:07.573Z] OPTIONS /api/auth/profile 204 - 1ms - IP: ::1
[2026-07-23T05:35:07.578Z] GET /api/auth/profile 401 - 3ms - IP: ::1
[2026-07-23T05:35:07.582Z] GET /api/auth/profile 401 - 2ms - IP: ::1
[2026-07-23T05:35:07.584Z] OPTIONS /api/auth/refresh 204 - 1ms - IP: ::1
[2026-07-23T05:35:07.651Z] POST /api/auth/refresh 200 - 66ms - IP: ::1
[2026-07-23T05:35:07.653Z] POST /api/auth/refresh 200 - 64ms - IP: ::1
[2026-07-23T05:35:07.724Z] GET /api/auth/profile 200 - 69ms - IP: ::1
[2026-07-23T05:35:07.793Z] GET /api/auth/profile 304 - 67ms - IP: ::1
[2026-07-23T05:35:29.535Z] OPTIONS /api/resumes/upload 204 - 1ms - IP: ::1
[2026-07-23T05:35:29.713Z] POST /api/resumes/upload 201 - 175ms - IP: ::1
[2026-07-23T05:44:28.588Z] OPTIONS /api/auth/profile 204 - 3ms - IP: ::1
[2026-07-23T05:44:28.590Z] OPTIONS /api/auth/profile 204 - 1ms - IP: ::1
[2026-07-23T05:44:29.030Z] GET /api/auth/profile 304 - 439ms - IP: ::1
[2026-07-23T05:44:29.100Z] GET /api/auth/profile 304 - 68ms - IP: ::1
[2026-07-23T05:47:17.201Z] OPTIONS /api/auth/login 204 - 1ms - IP: ::1
[2026-07-23T05:47:17.370Z] POST /api/auth/login 401 - 156ms - IP: ::1
[2026-07-23T05:47:19.038Z] POST /api/auth/login 401 - 130ms - IP: ::1
[2026-07-23T05:47:26.881Z] OPTIONS /api/auth/login 204 - 1ms - IP: ::1
[2026-07-23T05:47:27.020Z] POST /api/auth/login 401 - 137ms - IP: ::1
[2026-07-23T05:48:29.256Z] OPTIONS /api/auth/login 204 - 1ms - IP: ::1
[2026-07-23T05:48:29.397Z] POST /api/auth/login 200 - 139ms - IP: ::1
[2026-07-23T05:48:46.177Z] OPTIONS /api/resumes/upload 204 - 0ms - IP: ::1
[2026-07-23T05:48:46.398Z] POST /api/resumes/upload 201 - 217ms - IP: ::1
[2026-07-23T05:48:49.241Z] OPTIONS /api/resumes?_t=1784785729231 204 - 1ms - IP: ::1
[2026-07-23T05:48:49.242Z] OPTIONS /api/resumes?_t=1784785729232 204 - 0ms - IP: ::1
[2026-07-23T05:48:49.410Z] GET /api/resumes?_t=1784785729231 200 - 166ms - IP: ::1
[2026-07-23T05:48:49.410Z] GET /api/resumes?_t=1784785729232 200 - 164ms - IP: ::1
